



   ---------------------------------------------------------------------------
     START OF THE SEQUENTIAL LEAST SQUARES PROGRAMMING ALGORITHM
   ---------------------------------------------------------------------------

     PARAMETERS:
        ACC =   0.1000D-05
        MAXITER = 500
        IPRINT =   1
        IOUT =  60


     ITER =    1     OBJ =  0.24521748E+03
     ITER =    2     OBJ =  0.21351362E+03
     ITER =    3     OBJ =  0.20467103E+03
     ITER =    4     OBJ =  0.19523679E+03
     ITER =    5     OBJ =  0.18783850E+03
     ITER =    6     OBJ =  0.18541285E+03
     ITER =    7     OBJ =  0.17822858E+03
     ITER =    8     OBJ =  0.16718843E+03
     ITER =    9     OBJ =  0.16492147E+03
     ITER =   10     OBJ =  0.15778148E+03
     ITER =   11     OBJ =  0.15504274E+03
     ITER =   12     OBJ =  0.15424650E+03
     ITER =   13     OBJ =  0.15434536E+03
     ITER =   14     OBJ =  0.15337522E+03
     ITER =   15     OBJ =  0.15333314E+03
     ITER =   16     OBJ =  0.15280877E+03
     ITER =   17     OBJ =  0.15226746E+03
     ITER =   18     OBJ =  0.15226128E+03
     ITER =   19     OBJ =  0.15238948E+03
     ITER =   20     OBJ =  0.15218187E+03
     ITER =   21     OBJ =  0.15219414E+03
     ITER =   22     OBJ =  0.15413224E+03
     ITER =   23     OBJ =  0.15374434E+03
     ITER =   24     OBJ =  0.15359167E+03
     ITER =   25     OBJ =  0.15349795E+03
     ITER =   26     OBJ =  0.15337246E+03
     ITER =   27     OBJ =  0.15326864E+03
     ITER =   28     OBJ =  0.15326179E+03
     ITER =   29     OBJ =  0.15325467E+03
     ITER =   30     OBJ =  0.15325468E+03
     ITER =   31     OBJ =  0.15325450E+03
     ITER =   32     OBJ =  0.15325447E+03
     ITER =   33     OBJ =  0.15325446E+03
     ITER =   34     OBJ =  0.15325445E+03
        NUMBER OF FUNC-CALLS:  NFUNC =  63
        NUMBER OF GRAD-CALLS:  NGRAD =  35
